// Jest Snapshot v1, https://goo.gl/fbAQLP

exports[`IndexComponent should match snapshot 1`] = `
<ng-component
  router={[Function Router]}
  store={[Function Object]}
  users="undefined"
>
  <nav
    class="navbar navbar-light bg-light"
  >
    <a
      class="navbar-brand"
      href="#"
    >
      <img
        alt=""
        class="d-inline-block align-top"
        height="30"
        src=""
        width="30"
      />
       Super Hero Co. 
    </a>
  </nav><div
    class="container"
  >
    <div
      class="row"
    >
      <h1>
        User Accounts
      </h1>
    </div>
    <button
      ng-reflect-router-link="add"
      routerlink="add"
      tabindex="0"
    >
      Add User
    </button>
  </div><app-user-list>
    <div
      class="card-container"
    >
      
    </div>
  </app-user-list>
</ng-component>
`;
